[thammythucuc.vn/landing/nang-nguc-nano-chip/indexb43f.html]
[backblue.gif]
[fade.gif]
[index.html]
[thucucsaigon.vn/m/thumb/img_gs.jpg]
[thammythucuc.vn/landing/nang-nguc-nano-chip/assets/css/bootstrap.min.css]
[thammythucuc.vn/landing/nang-nguc-nano-chip/assets/css/slick.css]
[thammythucuc.vn/landing/nang-nguc-nano-chip/assets/css/slick-theme.css]
[thammythucuc.vn/landing/nang-nguc-nano-chip/assets/css/style.css]
[static.accesstrade.vn/js/trackingtag/tracking.min.js]
[thammythucuc.vn/logo/logo.png]
[thucucsaigon.vn/m/images/btn_hotline__1.png]
[thucucsaigon.vn/m/images/btn_dangkyngay__1.png]
[thammythucuc.vn/landing/nang-nguc-nano-chip/assets/images/img/f1-bg.jpg]
[thammythucuc.vn/landing/nang-nguc-nano-chip/assets/images/img/f1m-bg.jpg]
[thammythucuc.vn/landing/nang-nguc-nano-chip/assets/images/img/dangky.png]
[thammythucuc.vn/landing/nang-nguc-nano-chip/assets/images/img/f2m-text.png]
[thammythucuc.vn/landing/nang-nguc-nano-chip/assets/images/img/tra-gop.png]
[thammythucuc.vn/landing/nang-nguc-nano-chip/assets/images/img/uudai.png]
[thammythucuc.vn/landing/nang-nguc-nano-chip/assets/images/img/fr4-txt.png]
[thammythucuc.vn/landing/nang-nguc-nano-chip/assets/images/img/fr3-1.png]
[thammythucuc.vn/landing/nang-nguc-nano-chip/assets/images/img/fr3-2.png]
[thammythucuc.vn/landing/nang-nguc-nano-chip/assets/images/img/fr3-3.png]
[thammythucuc.vn/landing/nang-nguc-nano-chip/assets/images/img/fr3-4.png]
[thammythucuc.vn/landing/nang-nguc-nano-chip/assets/images/img/fr4-txt2.png]
[thammythucuc.vn/landing/nang-nguc-nano-chip/assets/images/img/d2.jpg]
[thammythucuc.vn/landing/nang-nguc-nano-chip/assets/images/img/m2.jpg]
[thammythucuc.vn/landing/nang-nguc-nano-chip/assets/images/img/d1.jpg]
[thammythucuc.vn/landing/nang-nguc-nano-chip/assets/images/img/m1.jpg]
[thammythucuc.vn/landing/nang-nguc-nano-chip/assets/images/img/d4.jpg]
[thammythucuc.vn/landing/nang-nguc-nano-chip/assets/images/img/m4.jpg]
[thammythucuc.vn/landing/nang-nguc-nano-chip/assets/images/img/d5.jpg]
[thammythucuc.vn/landing/nang-nguc-nano-chip/assets/images/img/m5.jpg]
[thammythucuc.vn/landing/nang-nguc-nano-chip/assets/images/img/title-bsi.png]
[thammythucuc.vn/landing/nang-nguc-nano-chip/assets/images/img/title-bsi-mb.png]
[thammythucuc.vn/landing/nang-nguc-nano-chip/assets/images/img/bsi_1.png]
[thammythucuc.vn/landing/nang-nguc-nano-chip/assets/images/img/bsi_2.png]
[thammythucuc.vn/landing/nang-nguc-nano-chip/assets/images/img/bsi_3.png]
[thammythucuc.vn/landing/nang-nguc-nano-chip/assets/images/img/bsi_4.png]
[thammythucuc.vn/landing/nang-nguc-nano-chip/assets/images/img/bsi_5.png]
[thammythucuc.vn/landing/nang-nguc-nano-chip/assets/images/img/bsi_6.png]
[thammythucuc.vn/landing/nang-nguc-nano-chip/assets/images/img/bsi_7.png]
[thammythucuc.vn/landing/nang-nguc-nano-chip/assets/images/img/bsi_8.png]
[thammythucuc.vn/landing/nang-nguc-nano-chip/assets/images/img/bsi_9.png]
[thammythucuc.vn/landing/nang-nguc-nano-chip/assets/images/img/bsi_10.png]
[thammythucuc.vn/landing/nang-nguc-nano-chip/assets/images/img/bsi_1a.png]
[thammythucuc.vn/landing/nang-nguc-nano-chip/assets/images/img/bsi_5a.png]
[thammythucuc.vn/landing/nang-nguc-nano-chip/assets/images/img/bsi_6a.png]
[thammythucuc.vn/landing/nang-nguc-nano-chip/assets/images/img/bsi_7a.png]
[thammythucuc.vn/landing/nang-nguc-nano-chip/assets/images/img/bsi_8a.png]
[thammythucuc.vn/landing/nang-nguc-nano-chip/assets/images/img/bsi_9a.png]
[thammythucuc.vn/landing/nang-nguc-nano-chip/assets/images/img/bsi_10a.png]
[thammythucuc.vn/landing/nang-nguc-nano-chip/assets/images/img/fr5-texta.png]
[thammythucuc.vn/landing/nang-nguc-nano-chip/assets/images/img/fr5-text.png]
[thammythucuc.vn/landing/nang-nguc-nano-chip/assets/images/img/fr5-1a.png]
[thammythucuc.vn/landing/nang-nguc-nano-chip/assets/images/img/fr5-1.png]
[thammythucuc.vn/landing/nang-nguc-nano-chip/assets/images/img/fr5-2a.png]
[thammythucuc.vn/landing/nang-nguc-nano-chip/assets/images/img/fr5-2.png]
[thammythucuc.vn/landing/nang-nguc-nano-chip/assets/images/img/fr5-3a.png]
[thammythucuc.vn/landing/nang-nguc-nano-chip/assets/images/img/fr5-3.png]
[thammythucuc.vn/landing/nang-nguc-nano-chip/assets/images/img/textbottom.png]
[thammythucuc.vn/landing/nang-nguc-nano-chip/assets/images/img/f1-title-form.png]
[thammythucuc.vn/landing/nang-nguc-nano-chip/assets/js/jquery.min.js]
[thammythucuc.vn/landing/nang-nguc-nano-chip/assets/js/bootstrap.min.js]
[thammythucuc.vn/landing/nang-nguc-nano-chip/assets/js/slick.min.js]
[thammythucuc.vn/landing/nang-nguc-nano-chip/assets/js/custom.js]
[thucucsaigon.vn/m/footer_landing_new.js]
[thucucsaigon.vn/m/call_landing_new.js]
[thammythucuc.vn/landing/nang-nguc-nano-chip/indexb43f.html]
[thammythucuc.vn/landing/nang-nguc-nano-chip/assets/css/bootstrap.min.css]
[thammythucuc.vn/landing/nang-nguc-nano-chip/assets/css/slick.css]
[thammythucuc.vn/landing/nang-nguc-nano-chip/assets/css/ajax-loader.gif]
[thammythucuc.vn/landing/nang-nguc-nano-chip/assets/css/fonts/slick.eot]
[thammythucuc.vn/landing/nang-nguc-nano-chip/assets/css/fonts/slickd41d.eot]
[thammythucuc.vn/landing/nang-nguc-nano-chip/assets/css/fonts/slick.woff]
[thammythucuc.vn/landing/nang-nguc-nano-chip/assets/css/fonts/slick.ttf]
[thammythucuc.vn/landing/nang-nguc-nano-chip/assets/css/slick-theme.css]
[thammythucuc.vn/landing/nang-nguc-nano-chip/assets/css/fonts/slick.svg]
[thammythucuc.vn/landing/nang-nguc-nano-chip/assets/fonts/UTM-NeoSansIntel.ttf]
[thammythucuc.vn/landing/nang-nguc-nano-chip/assets/fonts/UTM Neo Sans Intel.ttf]
[thammythucuc.vn/landing/nang-nguc-nano-chip/assets/fonts/UTM Neo Sans IntelBold.ttf]
[thammythucuc.vn/landing/nang-nguc-nano-chip/assets/images/img/btn.png]
[thammythucuc.vn/landing/nang-nguc-nano-chip/assets/images/img/dkm.png]
[thammythucuc.vn/landing/nang-nguc-nano-chip/assets/images/img/fr3-bg.jpg]
[thammythucuc.vn/landing/nang-nguc-nano-chip/assets/images/img/f2-bg.png]
[thammythucuc.vn/landing/nang-nguc-nano-chip/assets/images/img/f4-bg.png]
[thammythucuc.vn/landing/nang-nguc-nano-chip/assets/images/img/tit_gia.50.delayed]
[thammythucuc.vn/landing/nang-nguc-nano-chip/assets/images/img/f5-bg.png]
[thammythucuc.vn/landing/nang-nguc-nano-chip/assets/images/img/f6-bg.jpg]
[thammythucuc.vn/landing/nang-nguc-nano-chip/assets/images/img/f8-icon.53.delayed]
[thammythucuc.vn/landing/nang-nguc-nano-chip/assets/images/img/f8-icon-text.png]
[thammythucuc.vn/landing/nang-nguc-nano-chip/assets/images/img/f9-bg.jpg]
[thammythucuc.vn/landing/nang-nguc-nano-chip/assets/images/img/f9-icon.png]
[thammythucuc.vn/landing/nang-nguc-nano-chip/assets/images/img/f10-bg.png]
[thammythucuc.vn/landing/nang-nguc-nano-chip/assets/images/img/gr2-nguc1a.png]
[thammythucuc.vn/landing/nang-nguc-nano-chip/assets/images/img/gr2-nguc2a.png]
[thammythucuc.vn/landing/nang-nguc-nano-chip/assets/images/img/gr2-nguc3a.png]
[thammythucuc.vn/landing/nang-nguc-nano-chip/assets/images/img/fr4-trangcho-desk1.png]
[thammythucuc.vn/landing/nang-nguc-nano-chip/assets/images/img/fr4-trangcho-desk2.png]
[thammythucuc.vn/landing/nang-nguc-nano-chip/assets/images/img/fr4-trangcho-desk3.png]
[thammythucuc.vn/landing/nang-nguc-nano-chip/assets/images/img/fr4-trangcho-desk4.png]
[thammythucuc.vn/landing/nang-nguc-nano-chip/assets/images/img/fr4-trangcho1.png]
[thammythucuc.vn/landing/nang-nguc-nano-chip/assets/images/img/fr4-trangcho2.png]
[thammythucuc.vn/landing/nang-nguc-nano-chip/assets/images/img/fr4-trangcho3.png]
[thammythucuc.vn/landing/nang-nguc-nano-chip/assets/images/img/fr4-trangcho4.png]
[thammythucuc.vn/landing/nang-nguc-nano-chip/assets/images/img/gr2-nguc1.png]
[thammythucuc.vn/landing/nang-nguc-nano-chip/assets/images/img/gr2-nguc2.png]
[thammythucuc.vn/landing/nang-nguc-nano-chip/assets/images/img/gr2-nguc3.png]
[thammythucuc.vn/landing/nang-nguc-nano-chip/assets/images/img/textf5.png]
[thammythucuc.vn/landing/nang-nguc-nano-chip/assets/images/img/f2m-bg.png]
[thammythucuc.vn/landing/nang-nguc-nano-chip/assets/images/img/f4m-bg1.jpg]
[thammythucuc.vn/landing/nang-nguc-nano-chip/assets/images/img/bsi.png]
[thammythucuc.vn/landing/nang-nguc-nano-chip/assets/images/img/f6m-bg.jpg]
[thammythucuc.vn/landing/nang-nguc-nano-chip/assets/images/img/f8m-bg.6b.delayed]
[thammythucuc.vn/landing/nang-nguc-nano-chip/assets/images/img/f10-bgm.png]
[thammythucuc.vn/landing/nang-nguc-nano-chip/assets/images/img/bgmb_bsi.jpg]
[thammythucuc.vn/landing/nang-nguc-nano-chip/assets/images/img/icon_1.6e.delayed]
[thammythucuc.vn/landing/nang-nguc-nano-chip/assets/css/style.css]
[www.googletagmanager.com/gtm5445.html]
[thammythucuc.vn/landing/nang-nguc-nano-chip/assets/css/fonts/slick.svg]
[thammythucuc.vn/landing/nang-nguc-nano-chip/assets/images/img/bgw_bsi.jpg]
